[INFO] 2025-03-07T13:32:33.915Z - 
=== INICIANDO MIGRAÇÃO DOS TESTES DA OPENAI ===
[INFO] 2025-03-07T13:32:33.924Z - Diretório de backup criado
[INFO] 2025-03-07T13:32:33.927Z - 
✅ MIGRAÇÃO CONCLUÍDA COM SUCESSO!
[INFO] 2025-03-07T13:32:33.928Z - Os arquivos antigos foram movidos para o diretório de backup
[INFO] 2025-03-07T13:32:33.930Z - Use os novos testes em tests/openai/openaiTests.js
[INFO] 2025-03-07T13:32:42.885Z - 
=== INICIANDO TESTES DA OPENAI ===
[INFO] 2025-03-07T13:32:43.026Z - Data e hora: 07/03/2025, 10:32:42
[ERROR] 2025-03-07T13:32:43.837Z - Erro ao conectar com OpenAI
AxiosError: Request failed with status code 401
    at settle (C:\Users\Samoel Duarte\Desktop\project-agend\node_modules\axios\dist\node\axios.cjs:2031:12)
    at IncomingMessage.handleStreamEnd (C:\Users\Samoel Duarte\Desktop\project-agend\node_modules\axios\dist\node\axios.cjs:3148:11)
    at IncomingMessage.emit (node:events:536:35)
    at endReadableNT (node:internal/streams/readable:1698:12)
    at process.processTicksAndRejections (node:internal/process/task_queues:90:21)
    at Axios.request (C:\Users\Samoel Duarte\Desktop\project-agend\node_modules\axios\dist\node\axios.cjs:4258:41)
    at process.processTicksAndRejections (node:internal/process/task_queues:105:5)
    at async OpenAITester.testConnection (C:\Users\Samoel Duarte\Desktop\project-agend\tests\openai\openaiTests.js:19:30)
    at async runAllTests (C:\Users\Samoel Duarte\Desktop\project-agend\tests\openai\openaiTests.js:159:9)
[ERROR] 2025-03-07T13:32:43.839Z - 
❌ ERRO DURANTE OS TESTES
AxiosError: Request failed with status code 401
    at settle (C:\Users\Samoel Duarte\Desktop\project-agend\node_modules\axios\dist\node\axios.cjs:2031:12)
    at IncomingMessage.handleStreamEnd (C:\Users\Samoel Duarte\Desktop\project-agend\node_modules\axios\dist\node\axios.cjs:3148:11)
    at IncomingMessage.emit (node:events:536:35)
    at endReadableNT (node:internal/streams/readable:1698:12)
    at process.processTicksAndRejections (node:internal/process/task_queues:90:21)
    at Axios.request (C:\Users\Samoel Duarte\Desktop\project-agend\node_modules\axios\dist\node\axios.cjs:4258:41)
    at process.processTicksAndRejections (node:internal/process/task_queues:105:5)
    at async OpenAITester.testConnection (C:\Users\Samoel Duarte\Desktop\project-agend\tests\openai\openaiTests.js:19:30)
    at async runAllTests (C:\Users\Samoel Duarte\Desktop\project-agend\tests\openai\openaiTests.js:159:9)
